Error: Schedule is missing durations for: ["B", "C"]