task_count: 4
max_parallelism: 1
minimum_completion_time: 114
critical_path_count: 1
critical_path:
v8KK2w5u6a72cQmFVJph88->hV4qcwM0JWUb97yFkKfYcK75DL->
t3e49256a01B8W1DG8m37c->BuoxppGpYOk9kdzEAELC7o9B