task_count: 10
max_parallelism: 4
minimum_completion_time: 61
critical_path_count: 1
critical_path:
方言->锈