task_count: 2
max_parallelism: 1
minimum_completion_time: 103
critical_path_count: 1
critical_path:
B->A